ERC report (2026-08-01T14:06:32, Encoding UTF8)
Report includes: Errors, Warnings

***** Sheet /
[lib_symbol_issues]: The symbol library 'Device' was not found at '/usr/share/kicad/symbols/Device.kicad_sym'
    ; warning
    @(31.75 mm, 106.68 mm): Symbol R1 [R]
[lib_symbol_issues]: The symbol library 'power' was not found at '/usr/share/kicad/symbols/power.kicad_sym'
    ; warning
    @(31.75 mm, 110.49 mm): Symbol #PWR01 [GND]
[lib_symbol_issues]: The symbol library 'Connector' was not found at '/usr/share/kicad/symbols/Connector.kicad_sym'
    ; warning
    @(39.37 mm, 73.66 mm): Symbol J1 [USB_C_Receptacle_PowerOnly_6P]
[lib_symbol_issues]: The symbol library 'power' was not found at '/usr/share/kicad/symbols/power.kicad_sym'
    ; warning
    @(39.37 mm, 93.98 mm): Symbol #PWR03 [GND]
[lib_symbol_issues]: The symbol library 'Device' was not found at '/usr/share/kicad/symbols/Device.kicad_sym'
    ; warning
    @(44.45 mm, 106.68 mm): Symbol C1 [C]
[lib_symbol_issues]: The symbol library 'power' was not found at '/usr/share/kicad/symbols/power.kicad_sym'
    ; warning
    @(44.45 mm, 110.49 mm): Symbol #PWR02 [GND]
[lib_symbol_issues]: The symbol library 'Device' was not found at '/usr/share/kicad/symbols/Device.kicad_sym'
    ; warning
    @(44.45 mm, 204.47 mm): Symbol C4 [C]
[lib_symbol_issues]: The symbol library 'power' was not found at '/usr/share/kicad/symbols/power.kicad_sym'
    ; warning
    @(44.45 mm, 212.09 mm): Symbol #PWR13 [GND]
[lib_symbol_issues]: The symbol library 'power' was not found at '/usr/share/kicad/symbols/power.kicad_sym'
    ; warning
    @(46.99 mm, 91.44 mm): Symbol #PWR04 [PWR_FLAG]
[lib_symbol_issues]: The symbol library 'Device' was not found at '/usr/share/kicad/symbols/Device.kicad_sym'
    ; warning
    @(52.07 mm, 170.18 mm): Symbol L1 [L]
[lib_symbol_issues]: The symbol library 'Regulator_Switching' was not found at '/usr/share/kicad/symbols/Regulator_Switching.kicad_sym'
    ; warning
    @(62.23 mm, 194.31 mm): Symbol U2 [MT3608]
[lib_symbol_issues]: The symbol library 'power' was not found at '/usr/share/kicad/symbols/power.kicad_sym'
    ; warning
    @(62.23 mm, 201.93 mm): Symbol #PWR18 [GND]
[lib_symbol_issues]: The symbol library 'Device' was not found at '/usr/share/kicad/symbols/Device.kicad_sym'
    ; warning
    @(67.31 mm, 55.88 mm): Symbol F1 [Polyfuse]
[lib_symbol_issues]: The symbol library 'Device' was not found at '/usr/share/kicad/symbols/Device.kicad_sym'
    ; warning
    @(81.28 mm, 49.53 mm): Symbol D1 [D_TVS]
[lib_symbol_issues]: The symbol library 'power' was not found at '/usr/share/kicad/symbols/power.kicad_sym'
    ; warning
    @(81.28 mm, 57.15 mm): Symbol #PWR05 [GND]
[lib_symbol_issues]: The symbol library 'Diode' was not found at '/usr/share/kicad/symbols/Diode.kicad_sym'
    ; warning
    @(83.82 mm, 191.77 mm): Symbol D2 [SS34]
[lib_symbol_issues]: The symbol library 'power' was not found at '/usr/share/kicad/symbols/power.kicad_sym'
    ; warning
    @(85.09 mm, 182.88 mm): Symbol #PWR16 [PWR_FLAG]
[lib_symbol_issues]: The symbol library 'Device' was not found at '/usr/share/kicad/symbols/Device.kicad_sym'
    ; warning
    @(93.98 mm, 49.53 mm): Symbol C2 [C_Polarized]
[lib_symbol_issues]: The symbol library 'power' was not found at '/usr/share/kicad/symbols/power.kicad_sym'
    ; warning
    @(93.98 mm, 57.15 mm): Symbol #PWR06 [GND]
[lib_symbol_issues]: The symbol library 'power' was not found at '/usr/share/kicad/symbols/power.kicad_sym'
    ; warning
    @(95.25 mm, 181.61 mm): Symbol #PWR15 [+12V]
[lib_symbol_issues]: The symbol library 'Device' was not found at '/usr/share/kicad/symbols/Device.kicad_sym'
    ; warning
    @(95.25 mm, 204.47 mm): Symbol C5 [C_Polarized]
[lib_symbol_issues]: The symbol library 'power' was not found at '/usr/share/kicad/symbols/power.kicad_sym'
    ; warning
    @(95.25 mm, 212.09 mm): Symbol #PWR14 [GND]
[lib_symbol_issues]: The symbol library 'Connector' was not found at '/usr/share/kicad/symbols/Connector.kicad_sym'
    ; warning
    @(104.14 mm, 186.69 mm): Symbol TP2 [TestPoint]
[lib_symbol_issues]: The symbol library 'Device' was not found at '/usr/share/kicad/symbols/Device.kicad_sym'
    ; warning
    @(104.14 mm, 205.74 mm): Symbol R6 [R]
[lib_symbol_issues]: The symbol library 'Device' was not found at '/usr/share/kicad/symbols/Device.kicad_sym'
    ; warning
    @(104.14 mm, 220.98 mm): Symbol R7 [R]
[lib_symbol_issues]: The symbol library 'power' was not found at '/usr/share/kicad/symbols/power.kicad_sym'
    ; warning
    @(104.14 mm, 228.60 mm): Symbol #PWR17 [GND]
[lib_symbol_issues]: The symbol library 'Device' was not found at '/usr/share/kicad/symbols/Device.kicad_sym'
    ; warning
    @(106.68 mm, 49.53 mm): Symbol C3 [C]
[lib_symbol_issues]: The symbol library 'power' was not found at '/usr/share/kicad/symbols/power.kicad_sym'
    ; warning
    @(106.68 mm, 57.15 mm): Symbol #PWR07 [GND]
[lib_symbol_issues]: The symbol library 'Connector' was not found at '/usr/share/kicad/symbols/Connector.kicad_sym'
    ; warning
    @(118.11 mm, 38.10 mm): Symbol TP1 [TestPoint]
[lib_symbol_issues]: The symbol library 'power' was not found at '/usr/share/kicad/symbols/power.kicad_sym'
    ; warning
    @(129.54 mm, 30.48 mm): Symbol #PWR08 [PWR_FLAG]
[lib_symbol_issues]: The symbol library 'power' was not found at '/usr/share/kicad/symbols/power.kicad_sym'
    ; warning
    @(139.70 mm, 176.53 mm): Symbol #PWR19 [+12V]
[lib_symbol_issues]: The symbol library 'power' was not found at '/usr/share/kicad/symbols/power.kicad_sym'
    ; warning
    @(139.70 mm, 218.44 mm): Symbol #PWR24 [+5V]
[lib_symbol_issues]: The symbol library 'Device' was not found at '/usr/share/kicad/symbols/Device.kicad_sym'
    ; warning
    @(142.24 mm, 189.23 mm): Symbol C6 [C]
[lib_symbol_issues]: The symbol library 'power' was not found at '/usr/share/kicad/symbols/power.kicad_sym'
    ; warning
    @(142.24 mm, 193.04 mm): Symbol #PWR22 [GND]
[lib_symbol_issues]: The symbol library 'Device' was not found at '/usr/share/kicad/symbols/Device.kicad_sym'
    ; warning
    @(142.24 mm, 231.14 mm): Symbol C8 [C]
[lib_symbol_issues]: The symbol library 'power' was not found at '/usr/share/kicad/symbols/power.kicad_sym'
    ; warning
    @(142.24 mm, 234.95 mm): Symbol #PWR27 [GND]
[lib_symbol_issues]: The symbol library 'Interface_USB' was not found at '/usr/share/kicad/symbols/Interface_USB.kicad_sym'
    ; warning
    @(148.59 mm, 83.82 mm): Symbol U1 [CH224K]
[lib_symbol_issues]: The symbol library 'power' was not found at '/usr/share/kicad/symbols/power.kicad_sym'
    ; warning
    @(148.59 mm, 93.98 mm): Symbol #PWR09 [GND]
[lib_symbol_issues]: The symbol library 'Regulator_Linear' was not found at '/usr/share/kicad/symbols/Regulator_Linear.kicad_sym'
    ; warning
    @(160.02 mm, 180.34 mm): Symbol U3 [LP2950-5.0_TO92]
[lib_symbol_issues]: The symbol library 'power' was not found at '/usr/share/kicad/symbols/power.kicad_sym'
    ; warning
    @(160.02 mm, 187.96 mm): Symbol #PWR20 [GND]
[lib_symbol_issues]: The symbol library 'Regulator_Linear' was not found at '/usr/share/kicad/symbols/Regulator_Linear.kicad_sym'
    ; warning
    @(160.02 mm, 222.25 mm): Symbol U4 [AMS1117-3.3]
[lib_symbol_issues]: The symbol library 'power' was not found at '/usr/share/kicad/symbols/power.kicad_sym'
    ; warning
    @(160.02 mm, 229.87 mm): Symbol #PWR25 [GND]
[lib_symbol_issues]: The symbol library 'Device' was not found at '/usr/share/kicad/symbols/Device.kicad_sym'
    ; warning
    @(167.64 mm, 50.80 mm): Symbol R4 [R]
[lib_symbol_issues]: The symbol library 'Device' was not found at '/usr/share/kicad/symbols/Device.kicad_sym'
    ; warning
    @(167.64 mm, 66.04 mm): Symbol R5 [R]
[lib_symbol_issues]: The symbol library 'power' was not found at '/usr/share/kicad/symbols/power.kicad_sym'
    ; warning
    @(167.64 mm, 73.66 mm): Symbol #PWR12 [GND]
[lib_symbol_issues]: The symbol library 'Device' was not found at '/usr/share/kicad/symbols/Device.kicad_sym'
    ; warning
    @(179.07 mm, 189.23 mm): Symbol C7 [C]
[lib_symbol_issues]: The symbol library 'power' was not found at '/usr/share/kicad/symbols/power.kicad_sym'
    ; warning
    @(179.07 mm, 193.04 mm): Symbol #PWR23 [GND]
[lib_symbol_issues]: The symbol library 'Device' was not found at '/usr/share/kicad/symbols/Device.kicad_sym'
    ; warning
    @(179.07 mm, 231.14 mm): Symbol C9 [C]
[lib_symbol_issues]: The symbol library 'power' was not found at '/usr/share/kicad/symbols/power.kicad_sym'
    ; warning
    @(179.07 mm, 234.95 mm): Symbol #PWR28 [GND]
[lib_symbol_issues]: The symbol library 'power' was not found at '/usr/share/kicad/symbols/power.kicad_sym'
    ; warning
    @(181.61 mm, 180.34 mm): Symbol #PWR21 [+5V]
[lib_symbol_issues]: The symbol library 'power' was not found at '/usr/share/kicad/symbols/power.kicad_sym'
    ; warning
    @(181.61 mm, 222.25 mm): Symbol #PWR26 [+3V3]
[lib_symbol_issues]: The symbol library 'power' was not found at '/usr/share/kicad/symbols/power.kicad_sym'
    ; warning
    @(190.50 mm, 57.15 mm): Symbol #PWR11 [+3V3]
[lib_symbol_issues]: The symbol library 'Device' was not found at '/usr/share/kicad/symbols/Device.kicad_sym'
    ; warning
    @(190.50 mm, 66.04 mm): Symbol R3 [R]
[lib_symbol_issues]: The symbol library 'Device' was not found at '/usr/share/kicad/symbols/Device.kicad_sym'
    ; warning
    @(190.50 mm, 96.52 mm): Symbol R2 [R]
[lib_symbol_issues]: The symbol library 'power' was not found at '/usr/share/kicad/symbols/power.kicad_sym'
    ; warning
    @(190.50 mm, 105.41 mm): Symbol #PWR10 [+3V3]
[lib_symbol_issues]: The symbol library 'power' was not found at '/usr/share/kicad/symbols/power.kicad_sym'
    ; warning
    @(226.06 mm, 215.90 mm): Symbol #PWR42 [+5V]
[lib_symbol_issues]: The symbol library 'Device' was not found at '/usr/share/kicad/symbols/Device.kicad_sym'
    ; warning
    @(226.06 mm, 223.52 mm): Symbol R14 [R]
[lib_symbol_issues]: The symbol library 'Device' was not found at '/usr/share/kicad/symbols/Device.kicad_sym'
    ; warning
    @(226.06 mm, 240.03 mm): Symbol R15 [R]
[lib_symbol_issues]: The symbol library 'power' was not found at '/usr/share/kicad/symbols/power.kicad_sym'
    ; warning
    @(226.06 mm, 247.65 mm): Symbol #PWR43 [GND]
[lib_symbol_issues]: The symbol library 'Device' was not found at '/usr/share/kicad/symbols/Device.kicad_sym'
    ; warning
    @(234.95 mm, 161.29 mm): Symbol C14 [C]
[lib_symbol_issues]: The symbol library 'power' was not found at '/usr/share/kicad/symbols/power.kicad_sym'
    ; warning
    @(234.95 mm, 165.10 mm): Symbol #PWR35 [GND]
[lib_symbol_issues]: The symbol library 'Device' was not found at '/usr/share/kicad/symbols/Device.kicad_sym'
    ; warning
    @(240.03 mm, 57.15 mm): Symbol C10 [C]
[lib_symbol_issues]: The symbol library 'power' was not found at '/usr/share/kicad/symbols/power.kicad_sym'
    ; warning
    @(240.03 mm, 64.77 mm): Symbol #PWR30 [GND]
[lib_symbol_issues]: The symbol library 'Connector' was not found at '/usr/share/kicad/symbols/Connector.kicad_sym'
    ; warning
    @(242.57 mm, 76.20 mm): Symbol TP3 [TestPoint]
[lib_symbol_issues]: The symbol library 'power' was not found at '/usr/share/kicad/symbols/power.kicad_sym'
    ; warning
    @(250.19 mm, 147.32 mm): Symbol #PWR34 [+12V]
[lib_symbol_issues]: The symbol library 'Driver_FET' was not found at '/usr/share/kicad/symbols/Driver_FET.kicad_sym'
    ; warning
    @(250.19 mm, 167.64 mm): Symbol U5 [IRS2104]
[lib_symbol_issues]: The symbol library 'power' was not found at '/usr/share/kicad/symbols/power.kicad_sym'
    ; warning
    @(250.19 mm, 180.34 mm): Symbol #PWR36 [GND]
[lib_symbol_issues]: The symbol library 'Transistor_FET' was not found at '/usr/share/kicad/symbols/Transistor_FET.kicad_sym'
    ; warning
    @(251.46 mm, 54.61 mm): Symbol Q1 [Q_NMOS_GDS]
[lib_symbol_issues]: The symbol library 'Transistor_FET' was not found at '/usr/share/kicad/symbols/Transistor_FET.kicad_sym'
    ; warning
    @(251.46 mm, 90.17 mm): Symbol Q2 [Q_NMOS_GDS]
[lib_symbol_issues]: The symbol library 'Comparator' was not found at '/usr/share/kicad/symbols/Comparator.kicad_sym'
    ; warning
    @(261.62 mm, 232.41 mm): Symbol U7 [LM2903]
[lib_symbol_issues]: The symbol library 'Device' was not found at '/usr/share/kicad/symbols/Device.kicad_sym'
    ; warning
    @(265.43 mm, 162.56 mm): Symbol R10 [R]
[lib_symbol_issues]: The symbol library 'Device' was not found at '/usr/share/kicad/symbols/Device.kicad_sym'
    ; warning
    @(265.43 mm, 175.26 mm): Symbol R11 [R]
[lib_symbol_issues]: The symbol library 'Device' was not found at '/usr/share/kicad/symbols/Device.kicad_sym'
    ; warning
    @(266.70 mm, 80.01 mm): Symbol R8 [R]
[lib_symbol_issues]: The symbol library 'Device' was not found at '/usr/share/kicad/symbols/Device.kicad_sym'
    ; warning
    @(266.70 mm, 100.33 mm): Symbol C12 [C]
[lib_symbol_issues]: The symbol library 'power' was not found at '/usr/share/kicad/symbols/power.kicad_sym'
    ; warning
    @(266.70 mm, 107.95 mm): Symbol #PWR32 [GND]
[lib_symbol_issues]: The symbol library 'Diode' was not found at '/usr/share/kicad/symbols/Diode.kicad_sym'
    ; warning
    @(267.97 mm, 147.32 mm): Symbol D3 [1N4148W]
[lib_symbol_issues]: The symbol library 'Device' was not found at '/usr/share/kicad/symbols/Device.kicad_sym'
    ; warning
    @(278.13 mm, 139.70 mm): Symbol C15 [C]
[lib_symbol_issues]: The symbol library 'power' was not found at '/usr/share/kicad/symbols/power.kicad_sym'
    ; warning
    @(278.13 mm, 147.32 mm): Symbol #PWR37 [+12V]
[lib_symbol_issues]: The symbol library 'power' was not found at '/usr/share/kicad/symbols/power.kicad_sym'
    ; warning
    @(280.67 mm, 210.82 mm): Symbol #PWR44 [+5V]
[lib_symbol_issues]: The symbol library 'Device' was not found at '/usr/share/kicad/symbols/Device.kicad_sym'
    ; warning
    @(280.67 mm, 220.98 mm): Symbol R16 [R]
[lib_symbol_issues]: The symbol library 'Device' was not found at '/usr/share/kicad/symbols/Device.kicad_sym'
    ; warning
    @(292.10 mm, 76.20 mm): Symbol L2 [L]
[lib_symbol_issues]: The symbol library 'power' was not found at '/usr/share/kicad/symbols/power.kicad_sym'
    ; warning
    @(292.10 mm, 110.49 mm): Symbol #PWR29 [GND]
[lib_symbol_issues]: The symbol library 'power' was not found at '/usr/share/kicad/symbols/power.kicad_sym'
    ; warning
    @(297.18 mm, 227.33 mm): Symbol #PWR46 [+5V]
[lib_symbol_issues]: The symbol library 'power' was not found at '/usr/share/kicad/symbols/power.kicad_sym'
    ; warning
    @(304.80 mm, 226.06 mm): Symbol #PWR45 [GND]
[lib_symbol_issues]: The symbol library 'Comparator' was not found at '/usr/share/kicad/symbols/Comparator.kicad_sym'
    ; warning
    @(312.42 mm, 228.60 mm): Symbol U7 [LM2903]
[lib_symbol_issues]: The symbol library 'Device' was not found at '/usr/share/kicad/symbols/Device.kicad_sym'
    ; warning
    @(325.12 mm, 161.29 mm): Symbol C16 [C]
[lib_symbol_issues]: The symbol library 'power' was not found at '/usr/share/kicad/symbols/power.kicad_sym'
    ; warning
    @(325.12 mm, 165.10 mm): Symbol #PWR39 [GND]
[lib_symbol_issues]: The symbol library 'Transistor_FET' was not found at '/usr/share/kicad/symbols/Transistor_FET.kicad_sym'
    ; warning
    @(331.47 mm, 54.61 mm): Symbol Q3 [Q_NMOS_GDS]
[lib_symbol_issues]: The symbol library 'Transistor_FET' was not found at '/usr/share/kicad/symbols/Transistor_FET.kicad_sym'
    ; warning
    @(331.47 mm, 90.17 mm): Symbol Q4 [Q_NMOS_GDS]
[lib_symbol_issues]: The symbol library 'power' was not found at '/usr/share/kicad/symbols/power.kicad_sym'
    ; warning
    @(340.36 mm, 147.32 mm): Symbol #PWR38 [+12V]
[lib_symbol_issues]: The symbol library 'Driver_FET' was not found at '/usr/share/kicad/symbols/Driver_FET.kicad_sym'
    ; warning
    @(340.36 mm, 167.64 mm): Symbol U6 [IRS2104]
[lib_symbol_issues]: The symbol library 'power' was not found at '/usr/share/kicad/symbols/power.kicad_sym'
    ; warning
    @(340.36 mm, 180.34 mm): Symbol #PWR40 [GND]
[lib_symbol_issues]: The symbol library 'Device' was not found at '/usr/share/kicad/symbols/Device.kicad_sym'
    ; warning
    @(345.44 mm, 80.01 mm): Symbol R9 [R]
[lib_symbol_issues]: The symbol library 'Device' was not found at '/usr/share/kicad/symbols/Device.kicad_sym'
    ; warning
    @(345.44 mm, 100.33 mm): Symbol C13 [C]
[lib_symbol_issues]: The symbol library 'power' was not found at '/usr/share/kicad/symbols/power.kicad_sym'
    ; warning
    @(345.44 mm, 107.95 mm): Symbol #PWR33 [GND]
[lib_symbol_issues]: The symbol library 'Connector' was not found at '/usr/share/kicad/symbols/Connector.kicad_sym'
    ; warning
    @(355.60 mm, 76.20 mm): Symbol TP4 [TestPoint]
[lib_symbol_issues]: The symbol library 'Device' was not found at '/usr/share/kicad/symbols/Device.kicad_sym'
    ; warning
    @(355.60 mm, 162.56 mm): Symbol R12 [R]
[lib_symbol_issues]: The symbol library 'Device' was not found at '/usr/share/kicad/symbols/Device.kicad_sym'
    ; warning
    @(355.60 mm, 175.26 mm): Symbol R13 [R]
[lib_symbol_issues]: The symbol library 'Diode' was not found at '/usr/share/kicad/symbols/Diode.kicad_sym'
    ; warning
    @(358.14 mm, 147.32 mm): Symbol D4 [1N4148W]
[lib_symbol_issues]: The symbol library 'power' was not found at '/usr/share/kicad/symbols/power.kicad_sym'
    ; warning
    @(365.76 mm, 217.17 mm): Symbol #PWR47 [+5V]
[lib_symbol_issues]: The symbol library 'power' was not found at '/usr/share/kicad/symbols/power.kicad_sym'
    ; warning
    @(365.76 mm, 240.03 mm): Symbol #PWR48 [GND]
[lib_symbol_issues]: The symbol library 'Device' was not found at '/usr/share/kicad/symbols/Device.kicad_sym'
    ; warning
    @(368.30 mm, 139.70 mm): Symbol C17 [C]
[lib_symbol_issues]: The symbol library 'power' was not found at '/usr/share/kicad/symbols/power.kicad_sym'
    ; warning
    @(368.30 mm, 147.32 mm): Symbol #PWR41 [+12V]
[lib_symbol_issues]: The symbol library 'Comparator' was not found at '/usr/share/kicad/symbols/Comparator.kicad_sym'
    ; warning
    @(368.30 mm, 232.41 mm): Symbol U7 [LM2903]
[lib_symbol_issues]: The symbol library 'Device' was not found at '/usr/share/kicad/symbols/Device.kicad_sym'
    ; warning
    @(377.19 mm, 229.87 mm): Symbol C18 [C]
[lib_symbol_issues]: The symbol library 'power' was not found at '/usr/share/kicad/symbols/power.kicad_sym'
    ; warning
    @(377.19 mm, 233.68 mm): Symbol #PWR49 [GND]
[lib_symbol_issues]: The symbol library 'Device' was not found at '/usr/share/kicad/symbols/Device.kicad_sym'
    ; warning
    @(379.73 mm, 57.15 mm): Symbol C11 [C]
[lib_symbol_issues]: The symbol library 'power' was not found at '/usr/share/kicad/symbols/power.kicad_sym'
    ; warning
    @(379.73 mm, 64.77 mm): Symbol #PWR31 [GND]
[lib_symbol_issues]: The symbol library 'Connector' was not found at '/usr/share/kicad/symbols/Connector.kicad_sym'
    ; warning
    @(388.62 mm, 44.45 mm): Symbol TP5 [TestPoint]
[lib_symbol_issues]: The symbol library 'Device' was not found at '/usr/share/kicad/symbols/Device.kicad_sym'
    ; warning
    @(34.29 mm, 58.42 mm): Symbol R23 [R]
[lib_symbol_issues]: The symbol library 'Device' was not found at '/usr/share/kicad/symbols/Device.kicad_sym'
    ; warning
    @(34.29 mm, 73.66 mm): Symbol R24 [R]
[lib_symbol_issues]: The symbol library 'power' was not found at '/usr/share/kicad/symbols/power.kicad_sym'
    ; warning
    @(34.29 mm, 81.28 mm): Symbol #PWR59 [GND]
[lib_symbol_issues]: The symbol library 'Device' was not found at '/usr/share/kicad/symbols/Device.kicad_sym'
    ; warning
    @(59.69 mm, 191.77 mm): Symbol C27 [C]
[lib_symbol_issues]: The symbol library 'power' was not found at '/usr/share/kicad/symbols/power.kicad_sym'
    ; warning
    @(59.69 mm, 199.39 mm): Symbol #PWR70 [GND]
[lib_symbol_issues]: The symbol library 'Transistor_BJT' was not found at '/usr/share/kicad/symbols/Transistor_BJT.kicad_sym'
    ; warning
    @(63.50 mm, 49.53 mm): Symbol Q5 [TIP127]
[lib_symbol_issues]: The symbol library 'power' was not found at '/usr/share/kicad/symbols/power.kicad_sym'
    ; warning
    @(72.39 mm, 185.42 mm): Symbol #PWR68 [+3V3]
[lib_symbol_issues]: The symbol library 'Amplifier_Operational' was not found at '/usr/share/kicad/symbols/Amplifier_Operational.kicad_sym'
    ; warning
    @(73.66 mm, 77.47 mm): Symbol U8 [LM358]
[lib_symbol_issues]: The symbol library 'Device' was not found at '/usr/share/kicad/symbols/Device.kicad_sym'
    ; warning
    @(73.66 mm, 101.60 mm): Symbol C20 [C]
[lib_symbol_issues]: The symbol library 'Device' was not found at '/usr/share/kicad/symbols/Device.kicad_sym'
    ; warning
    @(73.66 mm, 119.38 mm): Symbol R21 [R]
[lib_symbol_issues]: The symbol library 'Device' was not found at '/usr/share/kicad/symbols/Device.kicad_sym'
    ; warning
    @(83.82 mm, 125.73 mm): Symbol C22 [C]
[lib_symbol_issues]: The symbol library 'power' was not found at '/usr/share/kicad/symbols/power.kicad_sym'
    ; warning
    @(83.82 mm, 133.35 mm): Symbol #PWR56 [GND]
[lib_symbol_issues]: The symbol library 'Device' was not found at '/usr/share/kicad/symbols/Device.kicad_sym'
    ; warning
    @(95.25 mm, 119.38 mm): Symbol R22 [R]
[lib_symbol_issues]: The symbol library 'Device' was not found at '/usr/share/kicad/symbols/Device.kicad_sym'
    ; warning
    @(97.79 mm, 77.47 mm): Symbol R20 [R]
[lib_symbol_issues]: The symbol library 'MCU_ST_STM32G0' was not found at '/usr/share/kicad/symbols/MCU_ST_STM32G0.kicad_sym'
    ; warning
    @(101.60 mm, 222.25 mm): Symbol U10 [STM32G030C8Tx]
[lib_symbol_issues]: The symbol library 'power' was not found at '/usr/share/kicad/symbols/power.kicad_sym'
    ; warning
    @(101.60 mm, 267.97 mm): Symbol #PWR67 [GND]
[lib_symbol_issues]: The symbol library 'power' was not found at '/usr/share/kicad/symbols/power.kicad_sym'
    ; warning
    @(104.14 mm, 168.91 mm): Symbol #PWR66 [+3V3]
[lib_symbol_issues]: The symbol library 'Device' was not found at '/usr/share/kicad/symbols/Device.kicad_sym'
    ; warning
    @(105.41 mm, 125.73 mm): Symbol C23 [C]
[lib_symbol_issues]: The symbol library 'power' was not found at '/usr/share/kicad/symbols/power.kicad_sym'
    ; warning
    @(105.41 mm, 133.35 mm): Symbol #PWR57 [GND]
[lib_symbol_issues]: The symbol library 'Device' was not found at '/usr/share/kicad/symbols/Device.kicad_sym'
    ; warning
    @(114.30 mm, 180.34 mm): Symbol C26 [C]
[lib_symbol_issues]: The symbol library 'power' was not found at '/usr/share/kicad/symbols/power.kicad_sym'
    ; warning
    @(114.30 mm, 184.15 mm): Symbol #PWR69 [GND]
[lib_symbol_issues]: The symbol library 'power' was not found at '/usr/share/kicad/symbols/power.kicad_sym'
    ; warning
    @(121.92 mm, 74.93 mm): Symbol #PWR52 [GND]
[lib_symbol_issues]: The symbol library 'Amplifier_Operational' was not found at '/usr/share/kicad/symbols/Amplifier_Operational.kicad_sym'
    ; warning
    @(129.54 mm, 77.47 mm): Symbol U8 [LM358]
[lib_symbol_issues]: The symbol library 'Device' was not found at '/usr/share/kicad/symbols/Device.kicad_sym'
    ; warning
    @(167.64 mm, 66.04 mm): Symbol R17 [R_Shunt]
[lib_symbol_issues]: The symbol library 'power' was not found at '/usr/share/kicad/symbols/power.kicad_sym'
    ; warning
    @(167.64 mm, 71.12 mm): Symbol #PWR53 [+12V]
[lib_symbol_issues]: The symbol library 'power' was not found at '/usr/share/kicad/symbols/power.kicad_sym'
    ; warning
    @(167.64 mm, 93.98 mm): Symbol #PWR54 [GND]
[lib_symbol_issues]: The symbol library 'Amplifier_Operational' was not found at '/usr/share/kicad/symbols/Amplifier_Operational.kicad_sym'
    ; warning
    @(170.18 mm, 86.36 mm): Symbol U8 [LM358]
[lib_symbol_issues]: The symbol library 'Device' was not found at '/usr/share/kicad/symbols/Device.kicad_sym'
    ; warning
    @(179.07 mm, 83.82 mm): Symbol C21 [C]
[lib_symbol_issues]: The symbol library 'power' was not found at '/usr/share/kicad/symbols/power.kicad_sym'
    ; warning
    @(179.07 mm, 87.63 mm): Symbol #PWR55 [GND]
[lib_symbol_issues]: The symbol library 'power' was not found at '/usr/share/kicad/symbols/power.kicad_sym'
    ; warning
    @(194.31 mm, 214.63 mm): Symbol #PWR75 [GND]
[lib_symbol_issues]: The symbol library 'Connector' was not found at '/usr/share/kicad/symbols/Connector.kicad_sym'
    ; warning
    @(195.58 mm, 58.42 mm): Symbol TP6 [TestPoint]
[lib_symbol_issues]: The symbol library 'power' was not found at '/usr/share/kicad/symbols/power.kicad_sym'
    ; warning
    @(196.85 mm, 269.24 mm): Symbol #PWR80 [GND]
[lib_symbol_issues]: The symbol library 'power' was not found at '/usr/share/kicad/symbols/power.kicad_sym'
    ; warning
    @(196.85 mm, 285.75 mm): Symbol #PWR84 [GND]
[lib_symbol_issues]: The symbol library 'Switch' was not found at '/usr/share/kicad/symbols/Switch.kicad_sym'
    ; warning
    @(201.93 mm, 265.43 mm): Symbol SW2 [SW_Push]
[lib_symbol_issues]: The symbol library 'Switch' was not found at '/usr/share/kicad/symbols/Switch.kicad_sym'
    ; warning
    @(201.93 mm, 281.94 mm): Symbol SW4 [SW_Push]
[lib_symbol_issues]: The symbol library 'power' was not found at '/usr/share/kicad/symbols/power.kicad_sym'
    ; warning
    @(203.20 mm, 177.80 mm): Symbol #PWR71 [GND]
[lib_symbol_issues]: The symbol library 'Device' was not found at '/usr/share/kicad/symbols/Device.kicad_sym'
    ; warning
    @(208.28 mm, 78.74 mm): Symbol C19 [C_Polarized]
[lib_symbol_issues]: The symbol library 'power' was not found at '/usr/share/kicad/symbols/power.kicad_sym'
    ; warning
    @(208.28 mm, 86.36 mm): Symbol #PWR50 [GND]
[lib_symbol_issues]: The symbol library 'Connector_Generic' was not found at '/usr/share/kicad/symbols/Connector_Generic.kicad_sym'
    ; warning
    @(208.28 mm, 180.34 mm): Symbol J3 [Conn_01x04]
[lib_symbol_issues]: The symbol library 'power' was not found at '/usr/share/kicad/symbols/power.kicad_sym'
    ; warning
    @(214.63 mm, 176.53 mm): Symbol #PWR72 [+3V3]
[lib_symbol_issues]: The symbol library 'Device' was not found at '/usr/share/kicad/symbols/Device.kicad_sym'
    ; warning
    @(217.17 mm, 265.43 mm): Symbol R33 [R]
[lib_symbol_issues]: The symbol library 'Device' was not found at '/usr/share/kicad/symbols/Device.kicad_sym'
    ; warning
    @(217.17 mm, 281.94 mm): Symbol R35 [R]
[lib_symbol_issues]: The symbol library 'Device' was not found at '/usr/share/kicad/symbols/Device.kicad_sym'
    ; warning
    @(218.44 mm, 208.28 mm): Symbol SW1 [RotaryEncoder_Switch]
[lib_symbol_issues]: The symbol library 'Device' was not found at '/usr/share/kicad/symbols/Device.kicad_sym'
    ; warning
    @(219.71 mm, 80.01 mm): Symbol R18 [R]
[lib_symbol_issues]: The symbol library 'Device' was not found at '/usr/share/kicad/symbols/Device.kicad_sym'
    ; warning
    @(219.71 mm, 95.25 mm): Symbol R19 [R]
[lib_symbol_issues]: The symbol library 'power' was not found at '/usr/share/kicad/symbols/power.kicad_sym'
    ; warning
    @(219.71 mm, 102.87 mm): Symbol #PWR51 [GND]
[lib_symbol_issues]: The symbol library 'Device' was not found at '/usr/share/kicad/symbols/Device.kicad_sym'
    ; warning
    @(227.33 mm, 271.78 mm): Symbol C31 [C]
[lib_symbol_issues]: The symbol library 'power' was not found at '/usr/share/kicad/symbols/power.kicad_sym'
    ; warning
    @(227.33 mm, 276.86 mm): Symbol #PWR81 [GND]
[lib_symbol_issues]: The symbol library 'Device' was not found at '/usr/share/kicad/symbols/Device.kicad_sym'
    ; warning
    @(227.33 mm, 288.29 mm): Symbol C33 [C]
[lib_symbol_issues]: The symbol library 'power' was not found at '/usr/share/kicad/symbols/power.kicad_sym'
    ; warning
    @(227.33 mm, 293.37 mm): Symbol #PWR85 [GND]
[lib_symbol_issues]: The symbol library 'power' was not found at '/usr/share/kicad/symbols/power.kicad_sym'
    ; warning
    @(228.60 mm, 213.36 mm): Symbol #PWR76 [GND]
[lib_symbol_issues]: The symbol library 'Connector_Generic' was not found at '/usr/share/kicad/symbols/Connector_Generic.kicad_sym'
    ; warning
    @(237.49 mm, 66.04 mm): Symbol J2 [Conn_01x02]
[lib_symbol_issues]: The symbol library 'power' was not found at '/usr/share/kicad/symbols/power.kicad_sym'
    ; warning
    @(242.57 mm, 269.24 mm): Symbol #PWR82 [GND]
[lib_symbol_issues]: The symbol library 'Device' was not found at '/usr/share/kicad/symbols/Device.kicad_sym'
    ; warning
    @(246.38 mm, 80.01 mm): Symbol R25 [R]
[lib_symbol_issues]: The symbol library 'Device' was not found at '/usr/share/kicad/symbols/Device.kicad_sym'
    ; warning
    @(246.38 mm, 95.25 mm): Symbol R26 [R]
[lib_symbol_issues]: The symbol library 'power' was not found at '/usr/share/kicad/symbols/power.kicad_sym'
    ; warning
    @(246.38 mm, 102.87 mm): Symbol #PWR60 [GND]
[lib_symbol_issues]: The symbol library 'Switch' was not found at '/usr/share/kicad/symbols/Switch.kicad_sym'
    ; warning
    @(247.65 mm, 265.43 mm): Symbol SW3 [SW_Push]
[lib_symbol_issues]: The symbol library 'power' was not found at '/usr/share/kicad/symbols/power.kicad_sym'
    ; warning
    @(250.19 mm, 67.31 mm): Symbol #PWR58 [GND]
[lib_symbol_issues]: The symbol library 'power' was not found at '/usr/share/kicad/symbols/power.kicad_sym'
    ; warning
    @(250.19 mm, 161.29 mm): Symbol #PWR73 [+3V3]
[lib_symbol_issues]: The symbol library 'Device' was not found at '/usr/share/kicad/symbols/Device.kicad_sym'
    ; warning
    @(250.19 mm, 170.18 mm): Symbol R28 [R]
[lib_symbol_issues]: The symbol library 'Device' was not found at '/usr/share/kicad/symbols/Device.kicad_sym'
    ; warning
    @(254.00 mm, 195.58 mm): Symbol R30 [R]
[lib_symbol_issues]: The symbol library 'Device' was not found at '/usr/share/kicad/symbols/Device.kicad_sym'
    ; warning
    @(254.00 mm, 214.63 mm): Symbol R31 [R]
[lib_symbol_issues]: The symbol library 'Device' was not found at '/usr/share/kicad/symbols/Device.kicad_sym'
    ; warning
    @(254.00 mm, 232.41 mm): Symbol R32 [R]
[lib_symbol_issues]: The symbol library 'power' was not found at '/usr/share/kicad/symbols/power.kicad_sym'
    ; warning
    @(262.89 mm, 161.29 mm): Symbol #PWR74 [+3V3]
[lib_symbol_issues]: The symbol library 'Device' was not found at '/usr/share/kicad/symbols/Device.kicad_sym'
    ; warning
    @(262.89 mm, 170.18 mm): Symbol R29 [R]
[lib_symbol_issues]: The symbol library 'Device' was not found at '/usr/share/kicad/symbols/Device.kicad_sym'
    ; warning
    @(262.89 mm, 265.43 mm): Symbol R34 [R]
[lib_symbol_issues]: The symbol library 'Device' was not found at '/usr/share/kicad/symbols/Device.kicad_sym'
    ; warning
    @(264.16 mm, 203.20 mm): Symbol C28 [C]
[lib_symbol_issues]: The symbol library 'power' was not found at '/usr/share/kicad/symbols/power.kicad_sym'
    ; warning
    @(264.16 mm, 210.82 mm): Symbol #PWR77 [GND]
[lib_symbol_issues]: The symbol library 'Device' was not found at '/usr/share/kicad/symbols/Device.kicad_sym'
    ; warning
    @(264.16 mm, 222.25 mm): Symbol C29 [C]
[lib_symbol_issues]: The symbol library 'power' was not found at '/usr/share/kicad/symbols/power.kicad_sym'
    ; warning
    @(264.16 mm, 229.87 mm): Symbol #PWR78 [GND]
[lib_symbol_issues]: The symbol library 'Device' was not found at '/usr/share/kicad/symbols/Device.kicad_sym'
    ; warning
    @(264.16 mm, 240.03 mm): Symbol C30 [C]
[lib_symbol_issues]: The symbol library 'power' was not found at '/usr/share/kicad/symbols/power.kicad_sym'
    ; warning
    @(264.16 mm, 247.65 mm): Symbol #PWR79 [GND]
[lib_symbol_issues]: The symbol library 'Device' was not found at '/usr/share/kicad/symbols/Device.kicad_sym'
    ; warning
    @(273.05 mm, 271.78 mm): Symbol C32 [C]
[lib_symbol_issues]: The symbol library 'power' was not found at '/usr/share/kicad/symbols/power.kicad_sym'
    ; warning
    @(273.05 mm, 276.86 mm): Symbol #PWR83 [GND]
[lib_symbol_issues]: The symbol library 'power' was not found at '/usr/share/kicad/symbols/power.kicad_sym'
    ; warning
    @(289.56 mm, 115.57 mm): Symbol #PWR99 [+3V3]
[lib_symbol_issues]: The symbol library 'power' was not found at '/usr/share/kicad/symbols/power.kicad_sym'
    ; warning
    @(289.56 mm, 138.43 mm): Symbol #PWR100 [GND]
[lib_symbol_issues]: The symbol library 'Connector_Generic' was not found at '/usr/share/kicad/symbols/Connector_Generic.kicad_sym'
    ; warning
    @(299.72 mm, 125.73 mm): Symbol J4 [Conn_01x06]
[lib_symbol_issues]: The symbol library 'power' was not found at '/usr/share/kicad/symbols/power.kicad_sym'
    ; warning
    @(309.88 mm, 40.64 mm): Symbol #PWR61 [+5V]
[lib_symbol_issues]: The symbol library 'power' was not found at '/usr/share/kicad/symbols/power.kicad_sym'
    ; warning
    @(309.88 mm, 63.50 mm): Symbol #PWR62 [GND]
[lib_symbol_issues]: The symbol library 'Amplifier_Current' was not found at '/usr/share/kicad/symbols/Amplifier_Current.kicad_sym'
    ; warning
    @(312.42 mm, 55.88 mm): Symbol U9 [INA181]
[lib_symbol_issues]: The symbol library 'power' was not found at '/usr/share/kicad/symbols/power.kicad_sym'
    ; warning
    @(313.69 mm, 166.37 mm): Symbol #PWR86 [+12V]
[lib_symbol_issues]: The symbol library 'Device' was not found at '/usr/share/kicad/symbols/Device.kicad_sym'
    ; warning
    @(313.69 mm, 172.72 mm): Symbol D5 [LED]
[lib_symbol_issues]: The symbol library 'Device' was not found at '/usr/share/kicad/symbols/Device.kicad_sym'
    ; warning
    @(313.69 mm, 185.42 mm): Symbol R36 [R]
[lib_symbol_issues]: The symbol library 'power' was not found at '/usr/share/kicad/symbols/power.kicad_sym'
    ; warning
    @(313.69 mm, 198.12 mm): Symbol #PWR87 [GND]
[lib_symbol_issues]: The symbol library 'power' was not found at '/usr/share/kicad/symbols/power.kicad_sym'
    ; warning
    @(313.69 mm, 215.90 mm): Symbol #PWR94 [+3V3]
[lib_symbol_issues]: The symbol library 'Device' was not found at '/usr/share/kicad/symbols/Device.kicad_sym'
    ; warning
    @(313.69 mm, 222.25 mm): Symbol D10 [LED]
[lib_symbol_issues]: The symbol library 'Device' was not found at '/usr/share/kicad/symbols/Device.kicad_sym'
    ; warning
    @(313.69 mm, 234.95 mm): Symbol R41 [R]
[lib_symbol_issues]: The symbol library 'power' was not found at '/usr/share/kicad/symbols/power.kicad_sym'
    ; warning
    @(314.96 mm, 63.50 mm): Symbol #PWR63 [GND]
[lib_symbol_issues]: The symbol library 'Device' was not found at '/usr/share/kicad/symbols/Device.kicad_sym'
    ; warning
    @(321.31 mm, 50.80 mm): Symbol C24 [C]
[lib_symbol_issues]: The symbol library 'power' was not found at '/usr/share/kicad/symbols/power.kicad_sym'
    ; warning
    @(321.31 mm, 54.61 mm): Symbol #PWR64 [GND]
[lib_symbol_issues]: The symbol library 'power' was not found at '/usr/share/kicad/symbols/power.kicad_sym'
    ; warning
    @(332.74 mm, 166.37 mm): Symbol #PWR88 [+5V]
[lib_symbol_issues]: The symbol library 'Device' was not found at '/usr/share/kicad/symbols/Device.kicad_sym'
    ; warning
    @(332.74 mm, 172.72 mm): Symbol D6 [LED]
[lib_symbol_issues]: The symbol library 'Device' was not found at '/usr/share/kicad/symbols/Device.kicad_sym'
    ; warning
    @(332.74 mm, 185.42 mm): Symbol R37 [R]
[lib_symbol_issues]: The symbol library 'power' was not found at '/usr/share/kicad/symbols/power.kicad_sym'
    ; warning
    @(332.74 mm, 198.12 mm): Symbol #PWR89 [GND]
[lib_symbol_issues]: The symbol library 'power' was not found at '/usr/share/kicad/symbols/power.kicad_sym'
    ; warning
    @(332.74 mm, 215.90 mm): Symbol #PWR95 [+3V3]
[lib_symbol_issues]: The symbol library 'Device' was not found at '/usr/share/kicad/symbols/Device.kicad_sym'
    ; warning
    @(332.74 mm, 222.25 mm): Symbol D11 [LED]
[lib_symbol_issues]: The symbol library 'Device' was not found at '/usr/share/kicad/symbols/Device.kicad_sym'
    ; warning
    @(332.74 mm, 234.95 mm): Symbol R42 [R]
[lib_symbol_issues]: The symbol library 'Device' was not found at '/usr/share/kicad/symbols/Device.kicad_sym'
    ; warning
    @(341.63 mm, 55.88 mm): Symbol R27 [R]
[lib_symbol_issues]: The symbol library 'power' was not found at '/usr/share/kicad/symbols/power.kicad_sym'
    ; warning
    @(351.79 mm, 166.37 mm): Symbol #PWR90 [+3V3]
[lib_symbol_issues]: The symbol library 'Device' was not found at '/usr/share/kicad/symbols/Device.kicad_sym'
    ; warning
    @(351.79 mm, 172.72 mm): Symbol D7 [LED]
[lib_symbol_issues]: The symbol library 'Device' was not found at '/usr/share/kicad/symbols/Device.kicad_sym'
    ; warning
    @(351.79 mm, 185.42 mm): Symbol R38 [R]
[lib_symbol_issues]: The symbol library 'power' was not found at '/usr/share/kicad/symbols/power.kicad_sym'
    ; warning
    @(351.79 mm, 198.12 mm): Symbol #PWR91 [GND]
[lib_symbol_issues]: The symbol library 'power' was not found at '/usr/share/kicad/symbols/power.kicad_sym'
    ; warning
    @(351.79 mm, 215.90 mm): Symbol #PWR96 [+3V3]
[lib_symbol_issues]: The symbol library 'Device' was not found at '/usr/share/kicad/symbols/Device.kicad_sym'
    ; warning
    @(351.79 mm, 222.25 mm): Symbol D12 [LED]
[lib_symbol_issues]: The symbol library 'Device' was not found at '/usr/share/kicad/symbols/Device.kicad_sym'
    ; warning
    @(351.79 mm, 234.95 mm): Symbol R43 [R]
[lib_symbol_issues]: The symbol library 'Device' was not found at '/usr/share/kicad/symbols/Device.kicad_sym'
    ; warning
    @(353.06 mm, 66.04 mm): Symbol C25 [C]
[lib_symbol_issues]: The symbol library 'power' was not found at '/usr/share/kicad/symbols/power.kicad_sym'
    ; warning
    @(353.06 mm, 73.66 mm): Symbol #PWR65 [GND]
[lib_symbol_issues]: The symbol library 'Connector' was not found at '/usr/share/kicad/symbols/Connector.kicad_sym'
    ; warning
    @(359.41 mm, 48.26 mm): Symbol TP7 [TestPoint]
[lib_symbol_issues]: The symbol library 'power' was not found at '/usr/share/kicad/symbols/power.kicad_sym'
    ; warning
    @(370.84 mm, 166.37 mm): Symbol #PWR92 [+3V3]
[lib_symbol_issues]: The symbol library 'Device' was not found at '/usr/share/kicad/symbols/Device.kicad_sym'
    ; warning
    @(370.84 mm, 172.72 mm): Symbol D8 [LED]
[lib_symbol_issues]: The symbol library 'Device' was not found at '/usr/share/kicad/symbols/Device.kicad_sym'
    ; warning
    @(370.84 mm, 185.42 mm): Symbol R39 [R]
[lib_symbol_issues]: The symbol library 'power' was not found at '/usr/share/kicad/symbols/power.kicad_sym'
    ; warning
    @(370.84 mm, 215.90 mm): Symbol #PWR97 [+3V3]
[lib_symbol_issues]: The symbol library 'Device' was not found at '/usr/share/kicad/symbols/Device.kicad_sym'
    ; warning
    @(370.84 mm, 222.25 mm): Symbol D13 [LED]
[lib_symbol_issues]: The symbol library 'Device' was not found at '/usr/share/kicad/symbols/Device.kicad_sym'
    ; warning
    @(370.84 mm, 234.95 mm): Symbol R44 [R]
[lib_symbol_issues]: The symbol library 'power' was not found at '/usr/share/kicad/symbols/power.kicad_sym'
    ; warning
    @(389.89 mm, 166.37 mm): Symbol #PWR93 [+3V3]
[lib_symbol_issues]: The symbol library 'Device' was not found at '/usr/share/kicad/symbols/Device.kicad_sym'
    ; warning
    @(389.89 mm, 172.72 mm): Symbol D9 [LED]
[lib_symbol_issues]: The symbol library 'Device' was not found at '/usr/share/kicad/symbols/Device.kicad_sym'
    ; warning
    @(389.89 mm, 185.42 mm): Symbol R40 [R]
[lib_symbol_issues]: The symbol library 'power' was not found at '/usr/share/kicad/symbols/power.kicad_sym'
    ; warning
    @(389.89 mm, 215.90 mm): Symbol #PWR98 [+3V3]
[lib_symbol_issues]: The symbol library 'Device' was not found at '/usr/share/kicad/symbols/Device.kicad_sym'
    ; warning
    @(389.89 mm, 222.25 mm): Symbol D14 [LED]
[lib_symbol_issues]: The symbol library 'Device' was not found at '/usr/share/kicad/symbols/Device.kicad_sym'
    ; warning
    @(389.89 mm, 234.95 mm): Symbol R45 [R]

***** Sheet /Power Path/

***** Sheet /Control and UI/

 ** ERC messages: 229  Errors 0  Warnings 229

 ** Ignored checks:
    - Global label only appears once in the schematic
    - Four connection points are joined together
    - SPICE model issue
    - Assigned footprint doesn't match footprint filters
