ERC report (2026-08-01T14:04:28, Encoding UTF8)
Report includes: Errors, Warnings

***** Sheet /
[pin_not_connected]: Pin not connected
    ; error
    @(26.67 mm, 91.44 mm): Symbol J1 Pin S1 [SHIELD, Passive, Line]
[pin_to_pin]: Pins of type Power output and Power output are connected
    ; error
    @(41.91 mm, 91.44 mm): Symbol #PWR02 Pin 1 [Power output, Line]
    @(62.23 mm, 180.34 mm): Symbol U5 Pin 1 [VO, Power output, Line]
[power_pin_not_driven]: Input Power pin not driven by any Output Power pins
    ; error
    @(99.06 mm, 77.47 mm): Symbol U1 Pin 1 [VDD, Power input, Line]
[lib_symbol_issues]: The symbol library 'Device' was not found at '/usr/share/kicad/symbols/Device.kicad_sym'
    ; warning
    @(31.75 mm, 189.23 mm): Symbol C6 [C]
[lib_symbol_issues]: The symbol library 'power' was not found at '/usr/share/kicad/symbols/power.kicad_sym'
    ; warning
    @(31.75 mm, 193.04 mm): Symbol #PWR24 [GND]
[lib_symbol_issues]: The symbol library 'Connector' was not found at '/usr/share/kicad/symbols/Connector.kicad_sym'
    ; warning
    @(34.29 mm, 73.66 mm): Symbol J1 [USB_C_Receptacle_PowerOnly_6P]
[lib_symbol_issues]: The symbol library 'power' was not found at '/usr/share/kicad/symbols/power.kicad_sym'
    ; warning
    @(34.29 mm, 93.98 mm): Symbol #PWR01 [GND]
[lib_symbol_issues]: The symbol library 'power' was not found at '/usr/share/kicad/symbols/power.kicad_sym'
    ; warning
    @(34.29 mm, 248.92 mm): Symbol #PWR29 [GND]
[lib_symbol_issues]: The symbol library 'Connector_Generic' was not found at '/usr/share/kicad/symbols/Connector_Generic.kicad_sym'
    ; warning
    @(39.37 mm, 243.84 mm): Symbol J3 [Conn_01x04]
[lib_symbol_issues]: The symbol library 'power' was not found at '/usr/share/kicad/symbols/power.kicad_sym'
    ; warning
    @(41.91 mm, 91.44 mm): Symbol #PWR02 [PWR_FLAG]
[lib_symbol_issues]: The symbol library 'Regulator_Linear' was not found at '/usr/share/kicad/symbols/Regulator_Linear.kicad_sym'
    ; warning
    @(54.61 mm, 180.34 mm): Symbol U5 [LP2950-5.0_TO92]
[lib_symbol_issues]: The symbol library 'power' was not found at '/usr/share/kicad/symbols/power.kicad_sym'
    ; warning
    @(54.61 mm, 187.96 mm): Symbol #PWR22 [GND]
[lib_symbol_issues]: The symbol library 'Device' was not found at '/usr/share/kicad/symbols/Device.kicad_sym'
    ; warning
    @(62.23 mm, 55.88 mm): Symbol F1 [Polyfuse]
[lib_symbol_issues]: The symbol library 'Device' was not found at '/usr/share/kicad/symbols/Device.kicad_sym'
    ; warning
    @(69.85 mm, 189.23 mm): Symbol C7 [C]
[lib_symbol_issues]: The symbol library 'power' was not found at '/usr/share/kicad/symbols/power.kicad_sym'
    ; warning
    @(69.85 mm, 193.04 mm): Symbol #PWR25 [GND]
[lib_symbol_issues]: The symbol library 'Device' was not found at '/usr/share/kicad/symbols/Device.kicad_sym'
    ; warning
    @(73.66 mm, 50.80 mm): Symbol D1 [D_TVS]
[lib_symbol_issues]: The symbol library 'power' was not found at '/usr/share/kicad/symbols/power.kicad_sym'
    ; warning
    @(73.66 mm, 58.42 mm): Symbol #PWR03 [GND]
[multiple_net_names]: Both +5V and GND are attached to the same items; +5V will be used in the netlist
    ; warning
    @(167.64 mm, 111.76 mm): Symbol #PWR09 Pin 1 [Power input, Line]
    @(73.66 mm, 58.42 mm): Symbol #PWR03 Pin 1 [Power input, Line]
[lib_symbol_issues]: The symbol library 'power' was not found at '/usr/share/kicad/symbols/power.kicad_sym'
    ; warning
    @(76.20 mm, 180.34 mm): Symbol #PWR23 [+5V]
[lib_symbol_issues]: The symbol library 'Device' was not found at '/usr/share/kicad/symbols/Device.kicad_sym'
    ; warning
    @(86.36 mm, 50.80 mm): Symbol C1 [C_Polarized]
[lib_symbol_issues]: The symbol library 'power' was not found at '/usr/share/kicad/symbols/power.kicad_sym'
    ; warning
    @(86.36 mm, 58.42 mm): Symbol #PWR04 [GND]
[lib_symbol_issues]: The symbol library 'Interface_USB' was not found at '/usr/share/kicad/symbols/Interface_USB.kicad_sym'
    ; warning
    @(96.52 mm, 87.63 mm): Symbol U1 [CH224K]
[lib_symbol_issues]: The symbol library 'power' was not found at '/usr/share/kicad/symbols/power.kicad_sym'
    ; warning
    @(96.52 mm, 97.79 mm): Symbol #PWR05 [GND]
[lib_symbol_issues]: The symbol library 'Device' was not found at '/usr/share/kicad/symbols/Device.kicad_sym'
    ; warning
    @(111.76 mm, 52.07 mm): Symbol R1 [R]
[lib_symbol_issues]: The symbol library 'Device' was not found at '/usr/share/kicad/symbols/Device.kicad_sym'
    ; warning
    @(111.76 mm, 67.31 mm): Symbol R2 [R]
[lib_symbol_issues]: The symbol library 'power' was not found at '/usr/share/kicad/symbols/power.kicad_sym'
    ; warning
    @(111.76 mm, 74.93 mm): Symbol #PWR06 [GND]
[lib_symbol_issues]: The symbol library 'Transistor_FET' was not found at '/usr/share/kicad/symbols/Transistor_FET.kicad_sym'
    ; warning
    @(167.64 mm, 55.88 mm): Symbol Q1 [Q_NMOS_GDS]
[lib_symbol_issues]: The symbol library 'Transistor_FET' was not found at '/usr/share/kicad/symbols/Transistor_FET.kicad_sym'
    ; warning
    @(167.64 mm, 93.98 mm): Symbol Q2 [Q_NMOS_GDS]
[lib_symbol_issues]: The symbol library 'power' was not found at '/usr/share/kicad/symbols/power.kicad_sym'
    ; warning
    @(167.64 mm, 111.76 mm): Symbol #PWR09 [+5V]
[lib_symbol_issues]: The symbol library 'Driver_FET' was not found at '/usr/share/kicad/symbols/Driver_FET.kicad_sym'
    ; warning
    @(167.64 mm, 129.54 mm): Symbol U2 [IR2104]
[lib_symbol_issues]: The symbol library 'power' was not found at '/usr/share/kicad/symbols/power.kicad_sym'
    ; warning
    @(167.64 mm, 142.24 mm): Symbol #PWR10 [GND]
[lib_symbol_issues]: The symbol library 'power' was not found at '/usr/share/kicad/symbols/power.kicad_sym'
    ; warning
    @(176.53 mm, 175.26 mm): Symbol #PWR26 [+5V]
[lib_symbol_issues]: The symbol library 'MCU_WCH_CH32V0' was not found at '/usr/share/kicad/symbols/MCU_WCH_CH32V0.kicad_sym'
    ; warning
    @(176.53 mm, 204.47 mm): Symbol U6 [CH32V003FxPx]
[lib_symbol_issues]: The symbol library 'power' was not found at '/usr/share/kicad/symbols/power.kicad_sym'
    ; warning
    @(176.53 mm, 222.25 mm): Symbol #PWR28 [GND]
[lib_symbol_issues]: The symbol library 'Device' was not found at '/usr/share/kicad/symbols/Device.kicad_sym'
    ; warning
    @(181.61 mm, 119.38 mm): Symbol C3 [C]
[lib_symbol_issues]: The symbol library 'Diode' was not found at '/usr/share/kicad/symbols/Diode.kicad_sym'
    ; warning
    @(186.69 mm, 111.76 mm): Symbol D2 [1N4148W]
[lib_symbol_issues]: The symbol library 'Device' was not found at '/usr/share/kicad/symbols/Device.kicad_sym'
    ; warning
    @(187.96 mm, 182.88 mm): Symbol C8 [C]
[lib_symbol_issues]: The symbol library 'power' was not found at '/usr/share/kicad/symbols/power.kicad_sym'
    ; warning
    @(187.96 mm, 190.50 mm): Symbol #PWR27 [GND]
[lib_symbol_issues]: The symbol library 'power' was not found at '/usr/share/kicad/symbols/power.kicad_sym'
    ; warning
    @(194.31 mm, 111.76 mm): Symbol #PWR11 [+5V]
[lib_symbol_issues]: The symbol library 'Device' was not found at '/usr/share/kicad/symbols/Device.kicad_sym'
    ; warning
    @(205.74 mm, 77.47 mm): Symbol L1 [L]
[lib_symbol_issues]: The symbol library 'power' was not found at '/usr/share/kicad/symbols/power.kicad_sym'
    ; warning
    @(205.74 mm, 118.11 mm): Symbol #PWR07 [GND]
[lib_symbol_issues]: The symbol library 'Transistor_FET' was not found at '/usr/share/kicad/symbols/Transistor_FET.kicad_sym'
    ; warning
    @(243.84 mm, 55.88 mm): Symbol Q3 [Q_NMOS_GDS]
[lib_symbol_issues]: The symbol library 'Transistor_FET' was not found at '/usr/share/kicad/symbols/Transistor_FET.kicad_sym'
    ; warning
    @(243.84 mm, 93.98 mm): Symbol Q4 [Q_NMOS_GDS]
[lib_symbol_issues]: The symbol library 'power' was not found at '/usr/share/kicad/symbols/power.kicad_sym'
    ; warning
    @(243.84 mm, 111.76 mm): Symbol #PWR12 [+5V]
[lib_symbol_issues]: The symbol library 'Driver_FET' was not found at '/usr/share/kicad/symbols/Driver_FET.kicad_sym'
    ; warning
    @(243.84 mm, 129.54 mm): Symbol U3 [IR2104]
[lib_symbol_issues]: The symbol library 'power' was not found at '/usr/share/kicad/symbols/power.kicad_sym'
    ; warning
    @(243.84 mm, 142.24 mm): Symbol #PWR13 [GND]
[lib_symbol_issues]: The symbol library 'Device' was not found at '/usr/share/kicad/symbols/Device.kicad_sym'
    ; warning
    @(257.81 mm, 119.38 mm): Symbol C4 [C]
[lib_symbol_issues]: The symbol library 'Diode' was not found at '/usr/share/kicad/symbols/Diode.kicad_sym'
    ; warning
    @(261.62 mm, 111.76 mm): Symbol D3 [1N4148W]
[lib_symbol_issues]: The symbol library 'Device' was not found at '/usr/share/kicad/symbols/Device.kicad_sym'
    ; warning
    @(265.43 mm, 57.15 mm): Symbol C2 [C]
[lib_symbol_issues]: The symbol library 'power' was not found at '/usr/share/kicad/symbols/power.kicad_sym'
    ; warning
    @(265.43 mm, 64.77 mm): Symbol #PWR08 [GND]
[lib_symbol_issues]: The symbol library 'power' was not found at '/usr/share/kicad/symbols/power.kicad_sym'
    ; warning
    @(270.51 mm, 111.76 mm): Symbol #PWR14 [+5V]
[lib_symbol_issues]: The symbol library 'power' was not found at '/usr/share/kicad/symbols/power.kicad_sym'
    ; warning
    @(303.53 mm, 134.62 mm): Symbol #PWR17 [GND]
[lib_symbol_issues]: The symbol library 'Device' was not found at '/usr/share/kicad/symbols/Device.kicad_sym'
    ; warning
    @(308.61 mm, 59.69 mm): Symbol R7 [R]
[lib_symbol_issues]: The symbol library 'Device' was not found at '/usr/share/kicad/symbols/Device.kicad_sym'
    ; warning
    @(308.61 mm, 74.93 mm): Symbol R8 [R]
[lib_symbol_issues]: The symbol library 'power' was not found at '/usr/share/kicad/symbols/power.kicad_sym'
    ; warning
    @(308.61 mm, 82.55 mm): Symbol #PWR21 [GND]
[lib_symbol_issues]: The symbol library 'Amplifier_Operational' was not found at '/usr/share/kicad/symbols/Amplifier_Operational.kicad_sym'
    ; warning
    @(317.50 mm, 96.52 mm): Symbol U4 [LM358]
[lib_symbol_issues]: The symbol library 'Amplifier_Operational' was not found at '/usr/share/kicad/symbols/Amplifier_Operational.kicad_sym'
    ; warning
    @(317.50 mm, 128.27 mm): Symbol U4 [LM358]
[lib_symbol_issues]: The symbol library 'Transistor_BJT' was not found at '/usr/share/kicad/symbols/Transistor_BJT.kicad_sym'
    ; warning
    @(326.39 mm, 49.53 mm): Symbol Q5 [TIP120]
[lib_symbol_issues]: The symbol library 'Device' was not found at '/usr/share/kicad/symbols/Device.kicad_sym'
    ; warning
    @(334.01 mm, 96.52 mm): Symbol R4 [R]
[lib_symbol_issues]: The symbol library 'Device' was not found at '/usr/share/kicad/symbols/Device.kicad_sym'
    ; warning
    @(361.95 mm, 82.55 mm): Symbol R5 [R]
[lib_symbol_issues]: The symbol library 'Device' was not found at '/usr/share/kicad/symbols/Device.kicad_sym'
    ; warning
    @(361.95 mm, 97.79 mm): Symbol R6 [R]
[lib_symbol_issues]: The symbol library 'power' was not found at '/usr/share/kicad/symbols/power.kicad_sym'
    ; warning
    @(361.95 mm, 105.41 mm): Symbol #PWR20 [GND]
[lib_symbol_issues]: The symbol library 'Device' was not found at '/usr/share/kicad/symbols/Device.kicad_sym'
    ; warning
    @(365.76 mm, 66.04 mm): Symbol R3 [R]
[lib_symbol_issues]: The symbol library 'Device' was not found at '/usr/share/kicad/symbols/Device.kicad_sym'
    ; warning
    @(378.46 mm, 78.74 mm): Symbol C5 [C_Polarized]
[lib_symbol_issues]: The symbol library 'power' was not found at '/usr/share/kicad/symbols/power.kicad_sym'
    ; warning
    @(378.46 mm, 86.36 mm): Symbol #PWR15 [GND]
[lib_symbol_issues]: The symbol library 'power' was not found at '/usr/share/kicad/symbols/power.kicad_sym'
    ; warning
    @(389.89 mm, 88.90 mm): Symbol #PWR18 [+5V]
[lib_symbol_issues]: The symbol library 'power' was not found at '/usr/share/kicad/symbols/power.kicad_sym'
    ; warning
    @(389.89 mm, 111.76 mm): Symbol #PWR19 [GND]
[lib_symbol_issues]: The symbol library 'Amplifier_Operational' was not found at '/usr/share/kicad/symbols/Amplifier_Operational.kicad_sym'
    ; warning
    @(392.43 mm, 104.14 mm): Symbol U4 [LM358]
[lib_symbol_issues]: The symbol library 'Connector_Generic' was not found at '/usr/share/kicad/symbols/Connector_Generic.kicad_sym'
    ; warning
    @(397.51 mm, 66.04 mm): Symbol J2 [Conn_01x02]
[lib_symbol_issues]: The symbol library 'power' was not found at '/usr/share/kicad/symbols/power.kicad_sym'
    ; warning
    @(408.94 mm, 63.50 mm): Symbol #PWR16 [GND]

 ** ERC messages: 70  Errors 3  Warnings 67

 ** Ignored checks:
    - Global label only appears once in the schematic
    - Four connection points are joined together
    - SPICE model issue
    - Assigned footprint doesn't match footprint filters
